# This file contains error messages which are shown to user, when http/https
# login is used.
# These messages can be changed to make user interface more friendly, including
# translations to different languages.
#
# Various variables can be used here as well. Most frequently used ones are:
#	$(error-orig)	- original error message from hotspot
#	$(ip)		- ip address of a client
#	$(username)	- username of client trying to log in

# internal-error
# It should never happen. If it will, error page will be shown
# displaying this error message (error-orig will describe what has happened)

internal-error = خطاء داخلي ($(error-orig))

# config-error
# Should never happen if hotspot is configured properly.

config-error = خطاء بالاعدادات($(error-orig))

# not-logged-in
# Will happen, if status or logout page is requested by user,
# which actually is not logged in

not-logged-in = لم تقم بتسجيل الدخول (ip $(ip))

# ippool-empty
# IP address for user is to be assigned from ip pool, but there are no more
# addresses in that pool

ippool-empty = لا توجد ايبيهات يرجى الاتصال بالمهندس  

# shutting-down
# When shutdown is executed, new clients are not accepted

shutting-down = hotspot service is shutting down

# user-session-limit
# If user profile has limit of shared-users, then this error will be shown
# after reaching this limit

user-session-limit = (الحساب مستخدم من قبل شخص اخر) لا يمكن استخدام الحساب اكثر من مرة

# license-session-limit
# Depending on licence number of active hotspot clients is limited to
# one or another amount. If this limit is reached, following error is displayed.

license-session-limit = session limit reached ($(error-orig))

# wrong-mac-username
# If username looks like MAC address (12:34:56:78:9a:bc), but is not
# a MAC address of this client, login is rejected

wrong-mac-username =اسم المستخدم غير موجود($(username)): this MAC address is not yours

# chap-missing
# If http-chap login method is used, but hotspot program does not receive
# back encrypted password, this error message is shown.
# Possible reasons of failure:
#	- JavaScript is not enabled in web browser;
#	- login.html page is not valid;
#	- challenge value has expired on server (more than 1h of inactivity);
#	- http-chap login method is recently removed;
# If JavaScript is enabled and login.html page is valid,
# then retrying to login usually fixes this problem.

chap-missing = يوجد مشكلة في المتصفح اعد تشغيلة مرة اخرى (try again, enable JavaScript)

# invalid-username
# Most general case of invalid username or password. If RADIUS server
# has sent an error string with Access-Reject message, then it will
# override this setting.

invalid-username = اسم المستخدم أو الباسورد خطاء او ان الوقت المسموح قد انتهاء

# invalid-mac
# Local users (on hotspot server) can be bound to some MAC address. If login
# from different MAC is tried, this error message will be shown.

invalid-mac =  غير مسموح لهذا الجهاز بالدخول
traffic limit= لقد انتهى رصيد تحميل هذا الحساب
no valid profile found=لفد انتهت صلاحية هذا الحساب
transfer limit reached=انتهى التحميل المحدد لهذا الحساب
not found=خطا في رمز الدخًـــول تاكد من كتابته بشكل صحيح
invalid Calling-Station-Id=هذا الحساب مقترن بجهاز آخر، لمزيد من المعلومات يرجى الاتصال بخدمة العملاء


# uptime-limit, traffic-limit
# For local hotspot users in case if limits are reached

uptime-limit =   عفوا لقد انتهى الحساب  من فضلك اتصل واترك رسالتك للاشتراك
 

# radius-timeout
# User is authenticated by RADIUS server, but no response is received from it,
# following error will be shown.

radius-timeout = السرفر لايستجيب .. انتظر لحظات واعد المحاولة.....في حالة استمرار المشكله الرجاء ابلاغ مسئول الشبكة
# auth-in-progress
# Authorization in progress. Client already has issued an authorization request
# which is not yet complete.

auth-in-progress = انت الان مرتبط بالفعل، حاول لاحقاً 

# radius-reply
# Radius server returned some custom error message

radius-reply = $(error-orig)
